'BuildingUpFormalization.Verification.Examples.LargeGF13.baseline_gram_certificate' depends on axioms: [propext,
 Classical.choice,
 Quot.sound]
'BuildingUpFormalization.Verification.Examples.LargeGF13.paired_gram_certificate' depends on axioms: [propext,
 Classical.choice,
 Quot.sound]
'BuildingUpFormalization.Verification.Examples.LargeGF13.normalization_certificate' depends on axioms: [propext,
 Classical.choice,
 Quot.sound]
'BuildingUpFormalization.Verification.Examples.LargeGF13.universal_rows_certificate' depends on axioms: [propext,
 Classical.choice,
 Quot.sound]
'BuildingUpFormalization.Verification.Examples.LargeGF13.universal_relations_certificate' depends on axioms: [propext,
 Classical.choice,
 Quot.sound]
'BuildingUpFormalization.Verification.Examples.LargeGF13.deletion_certificate' depends on axioms: [propext,
 Classical.choice,
 Quot.sound]
'BuildingUpFormalization.Verification.Examples.LargeGF13.correction_certificate' depends on axioms: [propext,
 Classical.choice,
 Quot.sound]
'BuildingUpFormalization.Verification.Examples.LargeGF13.parent_restriction_certificate' depends on axioms: [propext,
 Classical.choice,
 Quot.sound]
'BuildingUpFormalization.Verification.Examples.LargeGF13.selfDual_baseline_and_parent' depends on axioms: [propext,
 Classical.choice,
 Quot.sound]
