Building Formalization.Verification.Comparator.BinaryTwoCoordinateReductionChallenge
⚠ [8198/8205] Replayed Formalization.Archive.SubmittedBaseline
warning: Formalization/Archive/SubmittedBaseline.lean:141:2: try 'simp' instead of 'simpa'

Note: This linter can be disabled with `set_option linter.unnecessarySimpa false`
warning: Formalization/Archive/SubmittedBaseline.lean:137:8: automatically included section variable(s) unused in theorem `prepend2_apply_zero`:
  [Field K]
consider restructuring your `variable` declarations so that the variables are not in scope or explicitly omit them:
  omit [Field K] in theorem ...

Note: This linter can be disabled with `set_option linter.unusedSectionVars false`
warning: Formalization/Archive/SubmittedBaseline.lean:153:2: try 'simp' instead of 'simpa'

Note: This linter can be disabled with `set_option linter.unnecessarySimpa false`
warning: Formalization/Archive/SubmittedBaseline.lean:144:8: automatically included section variable(s) unused in theorem `prepend2_apply_one`:
  [Field K]
consider restructuring your `variable` declarations so that the variables are not in scope or explicitly omit them:
  omit [Field K] in theorem ...

Note: This linter can be disabled with `set_option linter.unusedSectionVars false`
warning: Formalization/Archive/SubmittedBaseline.lean:269:4: try 'simp' instead of 'simpa'

Note: This linter can be disabled with `set_option linter.unnecessarySimpa false`
warning: Formalization/Archive/SubmittedBaseline.lean:277:4: try 'simp' instead of 'simpa'

Note: This linter can be disabled with `set_option linter.unnecessarySimpa false`
warning: Formalization/Archive/SubmittedBaseline.lean:281:4: try 'simp' instead of 'simpa'

Note: This linter can be disabled with `set_option linter.unnecessarySimpa false`
warning: Formalization/Archive/SubmittedBaseline.lean:334:30: This simp argument is unused:
  h'

Hint: Omit it from the simp argument list.
  simp [Pi.single_apply, h, h̵'̵,̵ ̵eq_comm]

Note: This linter can be disabled with `set_option linter.unusedSimpArgs false`
warning: Formalization/Archive/SubmittedBaseline.lean:353:10: This simp argument is unused:
  GramZero

Hint: Omit it from the simp argument list.
  simp [̵G̵r̵a̵m̵Z̵e̵r̵o̵,̵ ̵r̵o̵w̵M̵a̵t̵r̵i̵x̵_̵m̵u̵l̵_̵t̵r̵a̵n̵s̵p̵o̵s̵e̵_̵a̵p̵p̵l̵y̵,̵[̲r̲o̲w̲M̲a̲t̲r̲i̲x̲_̲m̲u̲l̲_̲t̲r̲a̲n̲s̲p̲o̲s̲e̲_̲a̲p̲p̲l̲y̲,̲ hR i j]

Note: This linter can be disabled with `set_option linter.unusedSimpArgs false`
warning: Formalization/Archive/SubmittedBaseline.lean:480:10: Used `tac1 <;> tac2` where `(tac1; tac2)` would suffice

Note: This linter can be disabled with `set_option linter.unnecessarySeqFocus false`
warning: Formalization/Archive/SubmittedBaseline.lean:518:4: Try `simp at hi` instead of `simpa using hi`

Note: This linter can be disabled with `set_option linter.unnecessarySimpa false`
warning: Formalization/Archive/SubmittedBaseline.lean:592:0: automatically included section variable(s) unused in theorem `append_leftHalf_rightHalf`:
  [Field K]
consider restructuring your `variable` declarations so that the variables are not in scope or explicitly omit them:
  omit [Field K] in theorem ...

Note: This linter can be disabled with `set_option linter.unusedSectionVars false`
warning: Formalization/Archive/SubmittedBaseline.lean:646:8: This simp argument is unused:
  mul_assoc

Hint: Omit it from the simp argument list.
  simp [Pi.smul_apply, smul_eq_mul, m̵u̵l̵_̵a̵s̵s̵o̵c̵,̵ ̵mul_left_comm, mul_comm]

Note: This linter can be disabled with `set_option linter.unusedSimpArgs false`
warning: Formalization/Archive/SubmittedBaseline.lean:646:34: This simp argument is unused:
  mul_comm

Hint: Omit it from the simp argument list.
  simp [Pi.smul_apply, smul_eq_mul, mul_assoc, m̵u̵l̵_̵l̵e̵f̵t̵_̵c̵o̵m̵m̵,̵ ̵m̵u̵l̵_̵c̵o̵m̵m̵]̵m̲u̲l̲_̲l̲e̲f̲t̲_̲c̲o̲m̲m̲]̲

Note: This linter can be disabled with `set_option linter.unusedSimpArgs false`
warning: Formalization/Archive/SubmittedBaseline.lean:665:6: try 'simp' instead of 'simpa'

Note: This linter can be disabled with `set_option linter.unnecessarySimpa false`
warning: Formalization/Archive/SubmittedBaseline.lean:670:14: This simp argument is unused:
  Pi.single_apply

Hint: Omit it from the simp argument list.
  simp [̵P̵i̵.̵s̵i̵n̵g̵l̵e̵_̵a̵p̵p̵l̵y̵,̵ ̵s̵m̵u̵l̵_̵e̵q̵_̵m̵u̵l̵]̵[̲s̲m̲u̲l̲_̲e̲q̲_̲m̲u̲l̲]̲

Note: This linter can be disabled with `set_option linter.unusedSimpArgs false`
warning: Formalization/Archive/SubmittedBaseline.lean:671:14: This simp argument is unused:
  Pi.single_apply

Hint: Omit it from the simp argument list.
  simp [P̵i̵.̵s̵i̵n̵g̵l̵e̵_̵a̵p̵p̵l̵y̵,̵ ̵h, smul_eq_mul]

Note: This linter can be disabled with `set_option linter.unusedSimpArgs false`
warning: Formalization/Archive/SubmittedBaseline.lean:679:35: This simp argument is unused:
  mul_left_comm

Hint: Omit it from the simp argument list.
  simp [Pi.single_apply, mul_comm, mul_l̵e̵f̵t̵_̵c̵o̵m̵m̵,̵ ̵m̵u̵l̵_̵assoc]

Note: This linter can be disabled with `set_option linter.unusedSimpArgs false`
warning: Formalization/Archive/SubmittedBaseline.lean:679:50: This simp argument is unused:
  mul_assoc

Hint: Omit it from the simp argument list.
  simp [Pi.single_apply, mul_comm, mul_left_comm,̵ ̵m̵u̵l̵_̵a̵s̵s̵o̵c̵]

Note: This linter can be disabled with `set_option linter.unusedSimpArgs false`
warning: Formalization/Archive/SubmittedBaseline.lean:684:36: This simp argument is unused:
  dot_pi_single_right

Hint: Omit it from the simp argument list.
  simp [seedRow, dot_append_append, d̵o̵t̵_̵p̵i̵_̵s̵i̵n̵g̵l̵e̵_̵r̵i̵g̵h̵t̵,̵ ̵dot_pi_single_right_scalar]

Note: This linter can be disabled with `set_option linter.unusedSimpArgs false`
warning: Formalization/Archive/SubmittedBaseline.lean:690:63: This simp argument is unused:
  mul_left_comm

Hint: Omit it from the simp argument list.
  simp [Pi.smul_apply, smul_eq_mul, Pi.single_apply, mul_comm, mul_l̵e̵f̵t̵_̵c̵o̵m̵m̵,̵ ̵m̵u̵l̵_̵assoc]

Note: This linter can be disabled with `set_option linter.unusedSimpArgs false`
warning: Formalization/Archive/SubmittedBaseline.lean:690:78: This simp argument is unused:
  mul_assoc

Hint: Omit it from the simp argument list.
  simp [Pi.smul_apply, smul_eq_mul, Pi.single_apply, mul_comm, mul_left_comm,̵ ̵m̵u̵l̵_̵a̵s̵s̵o̵c̵]

Note: This linter can be disabled with `set_option linter.unusedSimpArgs false`
warning: Formalization/Archive/SubmittedBaseline.lean:730:34: try 'simp' instead of 'simpa'

Note: This linter can be disabled with `set_option linter.unnecessarySimpa false`
warning: Formalization/Archive/SubmittedBaseline.lean:926:20: This simp argument is unused:
  head2

Hint: Omit it from the simp argument list.
  simp [prepend2,̵ ̵h̵e̵a̵d̵2̵]

Note: This linter can be disabled with `set_option linter.unusedSimpArgs false`
warning: Formalization/Archive/SubmittedBaseline.lean:924:43: Used `tac1 <;> tac2` where `(tac1; tac2)` would suffice

Note: This linter can be disabled with `set_option linter.unnecessarySeqFocus false`
warning: Formalization/Archive/SubmittedBaseline.lean:937:24: This simp argument is unused:
  head2

Hint: Omit it from the simp argument list.
  simp [ri, prepend2,̵ ̵h̵e̵a̵d̵2̵]

Note: This linter can be disabled with `set_option linter.unusedSimpArgs false`
warning: Formalization/Archive/SubmittedBaseline.lean:935:51: this tactic is never executed

Note: This linter can be disabled with `set_option linter.unreachableTactic false`
warning: Formalization/Archive/SubmittedBaseline.lean:935:51: 'ring' tactic does nothing

Note: This linter can be disabled with `set_option linter.unusedTactic false`
warning: Formalization/Archive/SubmittedBaseline.lean:1003:38: This simp argument is unused:
  mul_assoc

Hint: Omit it from the simp argument list.
  simp [ri, prepend2, head2, h, m̵u̵l̵_̵a̵s̵s̵o̵c̵,̵ ̵mul_left_comm, mul_comm]

Note: This linter can be disabled with `set_option linter.unusedSimpArgs false`
warning: Formalization/Archive/SubmittedBaseline.lean:1003:49: This simp argument is unused:
  mul_left_comm

Hint: Omit it from the simp argument list.
  simp [ri, prepend2, head2, h, mul_assoc, m̵u̵l̵_̵l̵e̵f̵t̵_̵c̵o̵m̵m̵,̵ ̵mul_comm]

Note: This linter can be disabled with `set_option linter.unusedSimpArgs false`
warning: Formalization/Archive/SubmittedBaseline.lean:1003:64: This simp argument is unused:
  mul_comm

Hint: Omit it from the simp argument list.
  simp [ri, prepend2, head2, h, mul_assoc, mul_left_comm,̵ ̵m̵u̵l̵_̵c̵o̵m̵m̵]

Note: This linter can be disabled with `set_option linter.unusedSimpArgs false`
warning: Formalization/Archive/SubmittedBaseline.lean:1005:26: This simp argument is unused:
  head2

Hint: Omit it from the simp argument list.
  simp [ri, prepend2,̵ ̵h̵e̵a̵d̵2̵]

Note: This linter can be disabled with `set_option linter.unusedSimpArgs false`
warning: Formalization/Archive/SubmittedBaseline.lean:1029:0: automatically included section variable(s) unused in theorem `splitTail_prepend2`:
  [Field K]
consider restructuring your `variable` declarations so that the variables are not in scope or explicitly omit them:
  omit [Field K] in theorem ...

Note: This linter can be disabled with `set_option linter.unusedSectionVars false`
warning: Formalization/Archive/SubmittedBaseline.lean:1088:20: This simp argument is unused:
  head2

Hint: Omit it from the simp argument list.
  simp [prepend2, h̵e̵a̵d̵2̵,̵ ̵Pi.smul_apply, smul_eq_mul, ha, mul_assoc]

Note: This linter can be disabled with `set_option linter.unusedSimpArgs false`
warning: Formalization/Archive/SubmittedBaseline.lean:1088:59: This simp argument is unused:
  mul_assoc

Hint: Omit it from the simp argument list.
  simp [prepend2, head2, Pi.smul_apply, smul_eq_mul, ha,̵ ̵m̵u̵l̵_̵a̵s̵s̵o̵c̵]

Note: This linter can be disabled with `set_option linter.unusedSimpArgs false`
warning: Formalization/Archive/SubmittedBaseline.lean:1118:51: This simp argument is unused:
  mul_assoc

Hint: Omit it from the simp argument list.
  simp [prepend2, head2, div_eq_mul_inv, ha, mul_a̵s̵s̵o̵c̵,̵ ̵m̵u̵l_̵l̵eft_comm, mul_comm]

Note: This linter can be disabled with `set_option linter.unusedSimpArgs false`
warning: Formalization/Archive/SubmittedBaseline.lean:1118:62: This simp argument is unused:
  mul_left_comm

Hint: Omit it from the simp argument list.
  simp [prepend2, head2, div_eq_mul_inv, ha, mul_assoc, m̵u̵l̵_̵l̵e̵f̵t̵_̵c̵o̵m̵m̵,̵ ̵mul_comm]

Note: This linter can be disabled with `set_option linter.unusedSimpArgs false`
warning: Formalization/Archive/SubmittedBaseline.lean:1118:77: This simp argument is unused:
  mul_comm

Hint: Omit it from the simp argument list.
  simp [prepend2, head2, div_eq_mul_inv, ha, mul_assoc, mul_left_comm,̵ ̵m̵u̵l̵_̵c̵o̵m̵m̵]

Note: This linter can be disabled with `set_option linter.unusedSimpArgs false`
warning: Formalization/Archive/SubmittedBaseline.lean:1120:22: This simp argument is unused:
  head2

Hint: Omit it from the simp argument list.
  simp [prepend2,̵ ̵h̵e̵a̵d̵2̵]

Note: This linter can be disabled with `set_option linter.unusedSimpArgs false`
warning: Formalization/Archive/SubmittedBaseline.lean:1176:24: This simp argument is unused:
  head2

Hint: Omit it from the simp argument list.
  simp [ri, prepend2,̵ ̵h̵e̵a̵d̵2̵]

Note: This linter can be disabled with `set_option linter.unusedSimpArgs false`
warning: Formalization/Archive/SubmittedBaseline.lean:1246:29: This simp argument is unused:
  head2

Hint: Omit it from the simp argument list.
  simp [j, ri, prepend2, he̵a̵d2̵,̵ ̵h̵d̵ot, hc', mul_assoc] at h1

Note: This linter can be disabled with `set_option linter.unusedSimpArgs false`
warning: Formalization/Archive/SubmittedBaseline.lean:1246:42: This simp argument is unused:
  hc'

Hint: Omit it from the simp argument list.
  simp [j, ri, prepend2, head2, hdot, h̵c̵'̵,̵ ̵mul_assoc] at h1

Note: This linter can be disabled with `set_option linter.unusedSimpArgs false`
warning: Formalization/Archive/SubmittedBaseline.lean:1246:47: This simp argument is unused:
  mul_assoc

Hint: Omit it from the simp argument list.
  simp [j, ri, prepend2, head2, hdot, hc',̵ ̵m̵u̵l̵_̵a̵s̵s̵o̵c̵] at h1

Note: This linter can be disabled with `set_option linter.unusedSimpArgs false`
warning: Formalization/Archive/SubmittedBaseline.lean:1403:0: automatically included section variable(s) unused in theorem `prepend2_head_splitTail`:
  [Field K]
consider restructuring your `variable` declarations so that the variables are not in scope or explicitly omit them:
  omit [Field K] in theorem ...

Note: This linter can be disabled with `set_option linter.unusedSectionVars false`
warning: Formalization/Archive/SubmittedBaseline.lean:1660:8: This simp argument is unused:
  mul_assoc

Hint: Omit it from the simp argument list.
  simp [pivotRows, pivotPureTailRows, prepend2, head2, Pi.smul_apply, smul_eq_mul,
         ̵ ̵mul_a̵s̵s̵o̵c̵,̵ ̵m̵u̵l_̵l̵eft_comm, mul_comm]

Note: This linter can be disabled with `set_option linter.unusedSimpArgs false`
warning: Formalization/Archive/SubmittedBaseline.lean:1660:19: This simp argument is unused:
  mul_left_comm

Hint: Omit it from the simp argument list.
  simp [pivotRows, pivotPureTailRows, prepend2, head2, Pi.smul_apply, smul_eq_mul, mul_assoc,
  ̲  ̲ ̲ ̲ ̲ ̲m̵u̵l̵_̵l̵e̵f̵t̵_̵c̵o̵m̵m̵,̵ ̵mul_comm]

Note: This linter can be disabled with `set_option linter.unusedSimpArgs false`
warning: Formalization/Archive/SubmittedBaseline.lean:1662:70: This simp argument is unused:
  head2

Hint: Omit it from the simp argument list.
  simp [pivotRows, pivotPureTailRows, pivotResidualTails, prepend2, h̵e̵a̵d̵2̵,̵
  ̵ ̵ ̵ ̵ ̵ ̵ ̵Pi.smul_apply, smul_eq_mul]

Note: This linter can be disabled with `set_option linter.unusedSimpArgs false`
warning: Formalization/Archive/SubmittedBaseline.lean:1703:4: try 'simp' instead of 'simpa'

Note: This linter can be disabled with `set_option linter.unnecessarySimpa false`
warning: Formalization/Archive/SubmittedBaseline.lean:1813:10: This simp argument is unused:
  IsSplitBuildFamily

Hint: Omit it from the simp argument list.
  simp [I̵s̵S̵p̵l̵i̵t̵B̵u̵i̵l̵d̵F̵a̵m̵i̵l̵y̵,̵ ̵buildRows]

Note: This linter can be disabled with `set_option linter.unusedSimpArgs false`
warning: Formalization/Archive/SubmittedBaseline.lean:2214:0: automatically included section variable(s) unused in theorem `tailVec_prepend2`:
  [Field K]
consider restructuring your `variable` declarations so that the variables are not in scope or explicitly omit them:
  omit [Field K] in theorem ...

Note: This linter can be disabled with `set_option linter.unusedSectionVars false`
warning: Formalization/Archive/SubmittedBaseline.lean:2321:0: automatically included section variable(s) unused in theorem `permuteVec_refl`:
  [Field K]
consider restructuring your `variable` declarations so that the variables are not in scope or explicitly omit them:
  omit [Field K] in theorem ...

Note: This linter can be disabled with `set_option linter.unusedSectionVars false`
warning: Formalization/Archive/SubmittedBaseline.lean:2367:6: try 'simp' instead of 'simpa'

Note: This linter can be disabled with `set_option linter.unnecessarySimpa false`
warning: Formalization/Archive/SubmittedBaseline.lean:2408:4: try 'simp' instead of 'simpa'

Note: This linter can be disabled with `set_option linter.unnecessarySimpa false`
warning: Formalization/Archive/SubmittedBaseline.lean:2482:28: This simp argument is unused:
  Pi.smul_apply

Hint: Omit it from the simp argument list.
  simp [rowScaleFamily, P̵i̵.̵s̵m̵u̵l̵_̵a̵p̵p̵l̵y̵,̵ ̵smul_eq_mul, ha i, mul_assoc]

Note: This linter can be disabled with `set_option linter.unusedSimpArgs false`
warning: Formalization/Archive/SubmittedBaseline.lean:2482:43: This simp argument is unused:
  smul_eq_mul

Hint: Omit it from the simp argument list.
  simp [rowScaleFamily, Pi.smul_apply, s̵m̵u̵l̵_̵e̵q̵_̵m̵u̵l̵,̵ ̵ha i, mul_assoc]

Note: This linter can be disabled with `set_option linter.unusedSimpArgs false`
warning: Formalization/Archive/SubmittedBaseline.lean:2482:62: This simp argument is unused:
  mul_assoc

Hint: Omit it from the simp argument list.
  simp [rowScaleFamily, Pi.smul_apply, smul_eq_mul, ha i,̵ ̵m̵u̵l̵_̵a̵s̵s̵o̵c̵]

Note: This linter can be disabled with `set_option linter.unusedSimpArgs false`
warning: Formalization/Archive/SubmittedBaseline.lean:2515:5: unused variable `ha`

Note: This linter can be disabled with `set_option linter.unusedVariables false`
warning: Formalization/Archive/SubmittedBaseline.lean:2565:61: This simp argument is unused:
  mul_assoc

Hint: Omit it from the simp argument list.
  simp [prepend2, head2, Pi.smul_apply, smul_eq_mul, ha, mul_a̵s̵s̵o̵c̵,̵ ̵m̵u̵l_̵l̵eft_comm, mul_comm]

Note: This linter can be disabled with `set_option linter.unusedSimpArgs false`
warning: Formalization/Archive/SubmittedBaseline.lean:2565:72: This simp argument is unused:
  mul_left_comm

Hint: Omit it from the simp argument list.
  simp [prepend2, head2, Pi.smul_apply, smul_eq_mul, ha, mul_assoc, mul_l̵e̵f̵t̵_̵comm,̵ ̵m̵u̵l̵_̵c̵o̵m̵m̵]

Note: This linter can be disabled with `set_option linter.unusedSimpArgs false`
warning: Formalization/Archive/SubmittedBaseline.lean:2567:20: This simp argument is unused:
  head2

Hint: Omit it from the simp argument list.
  simp [prepend2, h̵e̵a̵d̵2̵,̵ ̵Pi.smul_apply, smul_eq_mul, mul_assoc]

Note: This linter can be disabled with `set_option linter.unusedSimpArgs false`
warning: Formalization/Archive/SubmittedBaseline.lean:2567:55: This simp argument is unused:
  mul_assoc

Hint: Omit it from the simp argument list.
  simp [prepend2, head2, Pi.smul_apply, smul_eq_mul,̵ ̵m̵u̵l̵_̵a̵s̵s̵o̵c̵]

Note: This linter can be disabled with `set_option linter.unusedSimpArgs false`
warning: Formalization/Archive/SubmittedBaseline.lean:2745:34: This simp argument is unused:
  mul_assoc

Hint: Omit it from the simp argument list.
  simp [div_eq_mul_inv, h2, m̵u̵l̵_̵a̵s̵s̵o̵c̵,̵ ̵mul_left_comm, mul_comm]

Note: This linter can be disabled with `set_option linter.unusedSimpArgs false`
warning: Formalization/Archive/SubmittedBaseline.lean:2745:45: This simp argument is unused:
  mul_left_comm

Hint: Omit it from the simp argument list.
  simp [div_eq_mul_inv, h2, mul_assoc, m̵u̵l̵_̵l̵e̵f̵t̵_̵c̵o̵m̵m̵,̵ ̵mul_comm]

Note: This linter can be disabled with `set_option linter.unusedSimpArgs false`
warning: Formalization/Archive/SubmittedBaseline.lean:3240:0: automatically included section variable(s) unused in theorem `paper_binary_cz_kim_equivalence`:
  [CharP K 2]
consider restructuring your `variable` declarations so that the variables are not in scope or explicitly omit them:
  omit [CharP K 2] in theorem ...

Note: This linter can be disabled with `set_option linter.unusedSectionVars false`
warning: Formalization/Archive/SubmittedBaseline.lean:3248:0: automatically included section variable(s) unused in theorem `paper_binary_boxed_equals_kim`:
  [CharP K 2]
consider restructuring your `variable` declarations so that the variables are not in scope or explicitly omit them:
  omit [CharP K 2] in theorem ...

Note: This linter can be disabled with `set_option linter.unusedSectionVars false`
⚠ [8205/8205] Built Formalization.Verification.Comparator.BinaryTwoCoordinateReductionChallenge (2.5s)
warning: Formalization/Verification/Comparator/BinaryTwoCoordinateReductionChallenge.lean:9:8: declaration uses `sorry`
warning: Formalization/Verification/Comparator/BinaryTwoCoordinateReductionChallenge.lean:16:8: declaration uses `sorry`
warning: Formalization/Verification/Comparator/BinaryTwoCoordinateReductionChallenge.lean:26:8: declaration uses `sorry`
Build completed successfully (8205 jobs).
Exporting #[BuildingUpFormalization.Components.BinaryRankOneNormalization.mem_binaryReducedCode_iff, BuildingUpFormalization.Components.BinaryRankOneNormalization.paper_binary_twoCoordinateReduction_exact, BuildingUpFormalization.Components.BinaryRankOneNormalization.paper_binary_reconstruction_from_reduction_exact, propext, Quot.sound, Classical.choice, Nat.add, Nat.sub, Nat.mul, Nat.pow, Nat.gcd, Nat.div, Nat.mod, Nat.beq, Nat.ble, Nat.land, Nat.lor, Nat.xor, Nat.shiftLeft, Nat.shiftRight, String.ofList, Char.ofNat, List, eagerReduce] from Formalization.Verification.Comparator.BinaryTwoCoordinateReductionChallenge
Building Formalization.Verification.Comparator.BinaryTwoCoordinateReductionSolution
⚠ [8198/8212] Replayed Formalization.Archive.SubmittedBaseline
warning: Formalization/Archive/SubmittedBaseline.lean:141:2: try 'simp' instead of 'simpa'

Note: This linter can be disabled with `set_option linter.unnecessarySimpa false`
warning: Formalization/Archive/SubmittedBaseline.lean:137:8: automatically included section variable(s) unused in theorem `prepend2_apply_zero`:
  [Field K]
consider restructuring your `variable` declarations so that the variables are not in scope or explicitly omit them:
  omit [Field K] in theorem ...

Note: This linter can be disabled with `set_option linter.unusedSectionVars false`
warning: Formalization/Archive/SubmittedBaseline.lean:153:2: try 'simp' instead of 'simpa'

Note: This linter can be disabled with `set_option linter.unnecessarySimpa false`
warning: Formalization/Archive/SubmittedBaseline.lean:144:8: automatically included section variable(s) unused in theorem `prepend2_apply_one`:
  [Field K]
consider restructuring your `variable` declarations so that the variables are not in scope or explicitly omit them:
  omit [Field K] in theorem ...

Note: This linter can be disabled with `set_option linter.unusedSectionVars false`
warning: Formalization/Archive/SubmittedBaseline.lean:269:4: try 'simp' instead of 'simpa'

Note: This linter can be disabled with `set_option linter.unnecessarySimpa false`
warning: Formalization/Archive/SubmittedBaseline.lean:277:4: try 'simp' instead of 'simpa'

Note: This linter can be disabled with `set_option linter.unnecessarySimpa false`
warning: Formalization/Archive/SubmittedBaseline.lean:281:4: try 'simp' instead of 'simpa'

Note: This linter can be disabled with `set_option linter.unnecessarySimpa false`
warning: Formalization/Archive/SubmittedBaseline.lean:334:30: This simp argument is unused:
  h'

Hint: Omit it from the simp argument list.
  simp [Pi.single_apply, h, h̵'̵,̵ ̵eq_comm]

Note: This linter can be disabled with `set_option linter.unusedSimpArgs false`
warning: Formalization/Archive/SubmittedBaseline.lean:353:10: This simp argument is unused:
  GramZero

Hint: Omit it from the simp argument list.
  simp [̵G̵r̵a̵m̵Z̵e̵r̵o̵,̵ ̵r̵o̵w̵M̵a̵t̵r̵i̵x̵_̵m̵u̵l̵_̵t̵r̵a̵n̵s̵p̵o̵s̵e̵_̵a̵p̵p̵l̵y̵,̵[̲r̲o̲w̲M̲a̲t̲r̲i̲x̲_̲m̲u̲l̲_̲t̲r̲a̲n̲s̲p̲o̲s̲e̲_̲a̲p̲p̲l̲y̲,̲ hR i j]

Note: This linter can be disabled with `set_option linter.unusedSimpArgs false`
warning: Formalization/Archive/SubmittedBaseline.lean:480:10: Used `tac1 <;> tac2` where `(tac1; tac2)` would suffice

Note: This linter can be disabled with `set_option linter.unnecessarySeqFocus false`
warning: Formalization/Archive/SubmittedBaseline.lean:518:4: Try `simp at hi` instead of `simpa using hi`

Note: This linter can be disabled with `set_option linter.unnecessarySimpa false`
warning: Formalization/Archive/SubmittedBaseline.lean:592:0: automatically included section variable(s) unused in theorem `append_leftHalf_rightHalf`:
  [Field K]
consider restructuring your `variable` declarations so that the variables are not in scope or explicitly omit them:
  omit [Field K] in theorem ...

Note: This linter can be disabled with `set_option linter.unusedSectionVars false`
warning: Formalization/Archive/SubmittedBaseline.lean:646:8: This simp argument is unused:
  mul_assoc

Hint: Omit it from the simp argument list.
  simp [Pi.smul_apply, smul_eq_mul, m̵u̵l̵_̵a̵s̵s̵o̵c̵,̵ ̵mul_left_comm, mul_comm]

Note: This linter can be disabled with `set_option linter.unusedSimpArgs false`
warning: Formalization/Archive/SubmittedBaseline.lean:646:34: This simp argument is unused:
  mul_comm

Hint: Omit it from the simp argument list.
  simp [Pi.smul_apply, smul_eq_mul, mul_assoc, m̵u̵l̵_̵l̵e̵f̵t̵_̵c̵o̵m̵m̵,̵ ̵m̵u̵l̵_̵c̵o̵m̵m̵]̵m̲u̲l̲_̲l̲e̲f̲t̲_̲c̲o̲m̲m̲]̲

Note: This linter can be disabled with `set_option linter.unusedSimpArgs false`
warning: Formalization/Archive/SubmittedBaseline.lean:665:6: try 'simp' instead of 'simpa'

Note: This linter can be disabled with `set_option linter.unnecessarySimpa false`
warning: Formalization/Archive/SubmittedBaseline.lean:670:14: This simp argument is unused:
  Pi.single_apply

Hint: Omit it from the simp argument list.
  simp [̵P̵i̵.̵s̵i̵n̵g̵l̵e̵_̵a̵p̵p̵l̵y̵,̵ ̵s̵m̵u̵l̵_̵e̵q̵_̵m̵u̵l̵]̵[̲s̲m̲u̲l̲_̲e̲q̲_̲m̲u̲l̲]̲

Note: This linter can be disabled with `set_option linter.unusedSimpArgs false`
warning: Formalization/Archive/SubmittedBaseline.lean:671:14: This simp argument is unused:
  Pi.single_apply

Hint: Omit it from the simp argument list.
  simp [P̵i̵.̵s̵i̵n̵g̵l̵e̵_̵a̵p̵p̵l̵y̵,̵ ̵h, smul_eq_mul]

Note: This linter can be disabled with `set_option linter.unusedSimpArgs false`
warning: Formalization/Archive/SubmittedBaseline.lean:679:35: This simp argument is unused:
  mul_left_comm

Hint: Omit it from the simp argument list.
  simp [Pi.single_apply, mul_comm, mul_l̵e̵f̵t̵_̵c̵o̵m̵m̵,̵ ̵m̵u̵l̵_̵assoc]

Note: This linter can be disabled with `set_option linter.unusedSimpArgs false`
warning: Formalization/Archive/SubmittedBaseline.lean:679:50: This simp argument is unused:
  mul_assoc

Hint: Omit it from the simp argument list.
  simp [Pi.single_apply, mul_comm, mul_left_comm,̵ ̵m̵u̵l̵_̵a̵s̵s̵o̵c̵]

Note: This linter can be disabled with `set_option linter.unusedSimpArgs false`
warning: Formalization/Archive/SubmittedBaseline.lean:684:36: This simp argument is unused:
  dot_pi_single_right

Hint: Omit it from the simp argument list.
  simp [seedRow, dot_append_append, d̵o̵t̵_̵p̵i̵_̵s̵i̵n̵g̵l̵e̵_̵r̵i̵g̵h̵t̵,̵ ̵dot_pi_single_right_scalar]

Note: This linter can be disabled with `set_option linter.unusedSimpArgs false`
warning: Formalization/Archive/SubmittedBaseline.lean:690:63: This simp argument is unused:
  mul_left_comm

Hint: Omit it from the simp argument list.
  simp [Pi.smul_apply, smul_eq_mul, Pi.single_apply, mul_comm, mul_l̵e̵f̵t̵_̵c̵o̵m̵m̵,̵ ̵m̵u̵l̵_̵assoc]

Note: This linter can be disabled with `set_option linter.unusedSimpArgs false`
warning: Formalization/Archive/SubmittedBaseline.lean:690:78: This simp argument is unused:
  mul_assoc

Hint: Omit it from the simp argument list.
  simp [Pi.smul_apply, smul_eq_mul, Pi.single_apply, mul_comm, mul_left_comm,̵ ̵m̵u̵l̵_̵a̵s̵s̵o̵c̵]

Note: This linter can be disabled with `set_option linter.unusedSimpArgs false`
warning: Formalization/Archive/SubmittedBaseline.lean:730:34: try 'simp' instead of 'simpa'

Note: This linter can be disabled with `set_option linter.unnecessarySimpa false`
warning: Formalization/Archive/SubmittedBaseline.lean:926:20: This simp argument is unused:
  head2

Hint: Omit it from the simp argument list.
  simp [prepend2,̵ ̵h̵e̵a̵d̵2̵]

Note: This linter can be disabled with `set_option linter.unusedSimpArgs false`
warning: Formalization/Archive/SubmittedBaseline.lean:924:43: Used `tac1 <;> tac2` where `(tac1; tac2)` would suffice

Note: This linter can be disabled with `set_option linter.unnecessarySeqFocus false`
warning: Formalization/Archive/SubmittedBaseline.lean:937:24: This simp argument is unused:
  head2

Hint: Omit it from the simp argument list.
  simp [ri, prepend2,̵ ̵h̵e̵a̵d̵2̵]

Note: This linter can be disabled with `set_option linter.unusedSimpArgs false`
warning: Formalization/Archive/SubmittedBaseline.lean:935:51: this tactic is never executed

Note: This linter can be disabled with `set_option linter.unreachableTactic false`
warning: Formalization/Archive/SubmittedBaseline.lean:935:51: 'ring' tactic does nothing

Note: This linter can be disabled with `set_option linter.unusedTactic false`
warning: Formalization/Archive/SubmittedBaseline.lean:1003:38: This simp argument is unused:
  mul_assoc

Hint: Omit it from the simp argument list.
  simp [ri, prepend2, head2, h, m̵u̵l̵_̵a̵s̵s̵o̵c̵,̵ ̵mul_left_comm, mul_comm]

Note: This linter can be disabled with `set_option linter.unusedSimpArgs false`
warning: Formalization/Archive/SubmittedBaseline.lean:1003:49: This simp argument is unused:
  mul_left_comm

Hint: Omit it from the simp argument list.
  simp [ri, prepend2, head2, h, mul_assoc, m̵u̵l̵_̵l̵e̵f̵t̵_̵c̵o̵m̵m̵,̵ ̵mul_comm]

Note: This linter can be disabled with `set_option linter.unusedSimpArgs false`
warning: Formalization/Archive/SubmittedBaseline.lean:1003:64: This simp argument is unused:
  mul_comm

Hint: Omit it from the simp argument list.
  simp [ri, prepend2, head2, h, mul_assoc, mul_left_comm,̵ ̵m̵u̵l̵_̵c̵o̵m̵m̵]

Note: This linter can be disabled with `set_option linter.unusedSimpArgs false`
warning: Formalization/Archive/SubmittedBaseline.lean:1005:26: This simp argument is unused:
  head2

Hint: Omit it from the simp argument list.
  simp [ri, prepend2,̵ ̵h̵e̵a̵d̵2̵]

Note: This linter can be disabled with `set_option linter.unusedSimpArgs false`
warning: Formalization/Archive/SubmittedBaseline.lean:1029:0: automatically included section variable(s) unused in theorem `splitTail_prepend2`:
  [Field K]
consider restructuring your `variable` declarations so that the variables are not in scope or explicitly omit them:
  omit [Field K] in theorem ...

Note: This linter can be disabled with `set_option linter.unusedSectionVars false`
warning: Formalization/Archive/SubmittedBaseline.lean:1088:20: This simp argument is unused:
  head2

Hint: Omit it from the simp argument list.
  simp [prepend2, h̵e̵a̵d̵2̵,̵ ̵Pi.smul_apply, smul_eq_mul, ha, mul_assoc]

Note: This linter can be disabled with `set_option linter.unusedSimpArgs false`
warning: Formalization/Archive/SubmittedBaseline.lean:1088:59: This simp argument is unused:
  mul_assoc

Hint: Omit it from the simp argument list.
  simp [prepend2, head2, Pi.smul_apply, smul_eq_mul, ha,̵ ̵m̵u̵l̵_̵a̵s̵s̵o̵c̵]

Note: This linter can be disabled with `set_option linter.unusedSimpArgs false`
warning: Formalization/Archive/SubmittedBaseline.lean:1118:51: This simp argument is unused:
  mul_assoc

Hint: Omit it from the simp argument list.
  simp [prepend2, head2, div_eq_mul_inv, ha, mul_a̵s̵s̵o̵c̵,̵ ̵m̵u̵l_̵l̵eft_comm, mul_comm]

Note: This linter can be disabled with `set_option linter.unusedSimpArgs false`
warning: Formalization/Archive/SubmittedBaseline.lean:1118:62: This simp argument is unused:
  mul_left_comm

Hint: Omit it from the simp argument list.
  simp [prepend2, head2, div_eq_mul_inv, ha, mul_assoc, m̵u̵l̵_̵l̵e̵f̵t̵_̵c̵o̵m̵m̵,̵ ̵mul_comm]

Note: This linter can be disabled with `set_option linter.unusedSimpArgs false`
warning: Formalization/Archive/SubmittedBaseline.lean:1118:77: This simp argument is unused:
  mul_comm

Hint: Omit it from the simp argument list.
  simp [prepend2, head2, div_eq_mul_inv, ha, mul_assoc, mul_left_comm,̵ ̵m̵u̵l̵_̵c̵o̵m̵m̵]

Note: This linter can be disabled with `set_option linter.unusedSimpArgs false`
warning: Formalization/Archive/SubmittedBaseline.lean:1120:22: This simp argument is unused:
  head2

Hint: Omit it from the simp argument list.
  simp [prepend2,̵ ̵h̵e̵a̵d̵2̵]

Note: This linter can be disabled with `set_option linter.unusedSimpArgs false`
warning: Formalization/Archive/SubmittedBaseline.lean:1176:24: This simp argument is unused:
  head2

Hint: Omit it from the simp argument list.
  simp [ri, prepend2,̵ ̵h̵e̵a̵d̵2̵]

Note: This linter can be disabled with `set_option linter.unusedSimpArgs false`
warning: Formalization/Archive/SubmittedBaseline.lean:1246:29: This simp argument is unused:
  head2

Hint: Omit it from the simp argument list.
  simp [j, ri, prepend2, he̵a̵d2̵,̵ ̵h̵d̵ot, hc', mul_assoc] at h1

Note: This linter can be disabled with `set_option linter.unusedSimpArgs false`
warning: Formalization/Archive/SubmittedBaseline.lean:1246:42: This simp argument is unused:
  hc'

Hint: Omit it from the simp argument list.
  simp [j, ri, prepend2, head2, hdot, h̵c̵'̵,̵ ̵mul_assoc] at h1

Note: This linter can be disabled with `set_option linter.unusedSimpArgs false`
warning: Formalization/Archive/SubmittedBaseline.lean:1246:47: This simp argument is unused:
  mul_assoc

Hint: Omit it from the simp argument list.
  simp [j, ri, prepend2, head2, hdot, hc',̵ ̵m̵u̵l̵_̵a̵s̵s̵o̵c̵] at h1

Note: This linter can be disabled with `set_option linter.unusedSimpArgs false`
warning: Formalization/Archive/SubmittedBaseline.lean:1403:0: automatically included section variable(s) unused in theorem `prepend2_head_splitTail`:
  [Field K]
consider restructuring your `variable` declarations so that the variables are not in scope or explicitly omit them:
  omit [Field K] in theorem ...

Note: This linter can be disabled with `set_option linter.unusedSectionVars false`
warning: Formalization/Archive/SubmittedBaseline.lean:1660:8: This simp argument is unused:
  mul_assoc

Hint: Omit it from the simp argument list.
  simp [pivotRows, pivotPureTailRows, prepend2, head2, Pi.smul_apply, smul_eq_mul,
         ̵ ̵mul_a̵s̵s̵o̵c̵,̵ ̵m̵u̵l_̵l̵eft_comm, mul_comm]

Note: This linter can be disabled with `set_option linter.unusedSimpArgs false`
warning: Formalization/Archive/SubmittedBaseline.lean:1660:19: This simp argument is unused:
  mul_left_comm

Hint: Omit it from the simp argument list.
  simp [pivotRows, pivotPureTailRows, prepend2, head2, Pi.smul_apply, smul_eq_mul, mul_assoc,
  ̲  ̲ ̲ ̲ ̲ ̲m̵u̵l̵_̵l̵e̵f̵t̵_̵c̵o̵m̵m̵,̵ ̵mul_comm]

Note: This linter can be disabled with `set_option linter.unusedSimpArgs false`
warning: Formalization/Archive/SubmittedBaseline.lean:1662:70: This simp argument is unused:
  head2

Hint: Omit it from the simp argument list.
  simp [pivotRows, pivotPureTailRows, pivotResidualTails, prepend2, h̵e̵a̵d̵2̵,̵
  ̵ ̵ ̵ ̵ ̵ ̵ ̵Pi.smul_apply, smul_eq_mul]

Note: This linter can be disabled with `set_option linter.unusedSimpArgs false`
warning: Formalization/Archive/SubmittedBaseline.lean:1703:4: try 'simp' instead of 'simpa'

Note: This linter can be disabled with `set_option linter.unnecessarySimpa false`
warning: Formalization/Archive/SubmittedBaseline.lean:1813:10: This simp argument is unused:
  IsSplitBuildFamily

Hint: Omit it from the simp argument list.
  simp [I̵s̵S̵p̵l̵i̵t̵B̵u̵i̵l̵d̵F̵a̵m̵i̵l̵y̵,̵ ̵buildRows]

Note: This linter can be disabled with `set_option linter.unusedSimpArgs false`
warning: Formalization/Archive/SubmittedBaseline.lean:2214:0: automatically included section variable(s) unused in theorem `tailVec_prepend2`:
  [Field K]
consider restructuring your `variable` declarations so that the variables are not in scope or explicitly omit them:
  omit [Field K] in theorem ...

Note: This linter can be disabled with `set_option linter.unusedSectionVars false`
warning: Formalization/Archive/SubmittedBaseline.lean:2321:0: automatically included section variable(s) unused in theorem `permuteVec_refl`:
  [Field K]
consider restructuring your `variable` declarations so that the variables are not in scope or explicitly omit them:
  omit [Field K] in theorem ...

Note: This linter can be disabled with `set_option linter.unusedSectionVars false`
warning: Formalization/Archive/SubmittedBaseline.lean:2367:6: try 'simp' instead of 'simpa'

Note: This linter can be disabled with `set_option linter.unnecessarySimpa false`
warning: Formalization/Archive/SubmittedBaseline.lean:2408:4: try 'simp' instead of 'simpa'

Note: This linter can be disabled with `set_option linter.unnecessarySimpa false`
warning: Formalization/Archive/SubmittedBaseline.lean:2482:28: This simp argument is unused:
  Pi.smul_apply

Hint: Omit it from the simp argument list.
  simp [rowScaleFamily, P̵i̵.̵s̵m̵u̵l̵_̵a̵p̵p̵l̵y̵,̵ ̵smul_eq_mul, ha i, mul_assoc]

Note: This linter can be disabled with `set_option linter.unusedSimpArgs false`
warning: Formalization/Archive/SubmittedBaseline.lean:2482:43: This simp argument is unused:
  smul_eq_mul

Hint: Omit it from the simp argument list.
  simp [rowScaleFamily, Pi.smul_apply, s̵m̵u̵l̵_̵e̵q̵_̵m̵u̵l̵,̵ ̵ha i, mul_assoc]

Note: This linter can be disabled with `set_option linter.unusedSimpArgs false`
warning: Formalization/Archive/SubmittedBaseline.lean:2482:62: This simp argument is unused:
  mul_assoc

Hint: Omit it from the simp argument list.
  simp [rowScaleFamily, Pi.smul_apply, smul_eq_mul, ha i,̵ ̵m̵u̵l̵_̵a̵s̵s̵o̵c̵]

Note: This linter can be disabled with `set_option linter.unusedSimpArgs false`
warning: Formalization/Archive/SubmittedBaseline.lean:2515:5: unused variable `ha`

Note: This linter can be disabled with `set_option linter.unusedVariables false`
warning: Formalization/Archive/SubmittedBaseline.lean:2565:61: This simp argument is unused:
  mul_assoc

Hint: Omit it from the simp argument list.
  simp [prepend2, head2, Pi.smul_apply, smul_eq_mul, ha, mul_a̵s̵s̵o̵c̵,̵ ̵m̵u̵l_̵l̵eft_comm, mul_comm]

Note: This linter can be disabled with `set_option linter.unusedSimpArgs false`
warning: Formalization/Archive/SubmittedBaseline.lean:2565:72: This simp argument is unused:
  mul_left_comm

Hint: Omit it from the simp argument list.
  simp [prepend2, head2, Pi.smul_apply, smul_eq_mul, ha, mul_assoc, mul_l̵e̵f̵t̵_̵comm,̵ ̵m̵u̵l̵_̵c̵o̵m̵m̵]

Note: This linter can be disabled with `set_option linter.unusedSimpArgs false`
warning: Formalization/Archive/SubmittedBaseline.lean:2567:20: This simp argument is unused:
  head2

Hint: Omit it from the simp argument list.
  simp [prepend2, h̵e̵a̵d̵2̵,̵ ̵Pi.smul_apply, smul_eq_mul, mul_assoc]

Note: This linter can be disabled with `set_option linter.unusedSimpArgs false`
warning: Formalization/Archive/SubmittedBaseline.lean:2567:55: This simp argument is unused:
  mul_assoc

Hint: Omit it from the simp argument list.
  simp [prepend2, head2, Pi.smul_apply, smul_eq_mul,̵ ̵m̵u̵l̵_̵a̵s̵s̵o̵c̵]

Note: This linter can be disabled with `set_option linter.unusedSimpArgs false`
warning: Formalization/Archive/SubmittedBaseline.lean:2745:34: This simp argument is unused:
  mul_assoc

Hint: Omit it from the simp argument list.
  simp [div_eq_mul_inv, h2, m̵u̵l̵_̵a̵s̵s̵o̵c̵,̵ ̵mul_left_comm, mul_comm]

Note: This linter can be disabled with `set_option linter.unusedSimpArgs false`
warning: Formalization/Archive/SubmittedBaseline.lean:2745:45: This simp argument is unused:
  mul_left_comm

Hint: Omit it from the simp argument list.
  simp [div_eq_mul_inv, h2, mul_assoc, m̵u̵l̵_̵l̵e̵f̵t̵_̵c̵o̵m̵m̵,̵ ̵mul_comm]

Note: This linter can be disabled with `set_option linter.unusedSimpArgs false`
warning: Formalization/Archive/SubmittedBaseline.lean:3240:0: automatically included section variable(s) unused in theorem `paper_binary_cz_kim_equivalence`:
  [CharP K 2]
consider restructuring your `variable` declarations so that the variables are not in scope or explicitly omit them:
  omit [CharP K 2] in theorem ...

Note: This linter can be disabled with `set_option linter.unusedSectionVars false`
warning: Formalization/Archive/SubmittedBaseline.lean:3248:0: automatically included section variable(s) unused in theorem `paper_binary_boxed_equals_kim`:
  [CharP K 2]
consider restructuring your `variable` declarations so that the variables are not in scope or explicitly omit them:
  omit [CharP K 2] in theorem ...

Note: This linter can be disabled with `set_option linter.unusedSectionVars false`
⚠ [8209/8212] Replayed Formalization.Components.RankBoxedConstruction
warning: Formalization/Components/RankBoxedConstruction.lean:152:63: This simp argument is unused:
  Pi.smul_apply

Hint: Omit it from the simp argument list.
  simp only [rankBoxedRows, isotropicLineBlock, head2, P̵i̵.̵s̵m̵u̵l̵_̵a̵p̵p̵l̵y̵,̵smul_eq_mul]

Note: This linter can be disabled with `set_option linter.unusedSimpArgs false`
warning: Formalization/Components/RankBoxedConstruction.lean:165:63: This simp argument is unused:
  Pi.smul_apply

Hint: Omit it from the simp argument list.
  simp only [rankBoxedRows, isotropicLineBlock, head2, P̵i̵.̵s̵m̵u̵l̵_̵a̵p̵p̵l̵y̵,̵smul_eq_mul]

Note: This linter can be disabled with `set_option linter.unusedSimpArgs false`
Build completed successfully (8212 jobs).
Exporting #[BuildingUpFormalization.Components.BinaryRankOneNormalization.mem_binaryReducedCode_iff, BuildingUpFormalization.Components.BinaryRankOneNormalization.paper_binary_twoCoordinateReduction_exact, BuildingUpFormalization.Components.BinaryRankOneNormalization.paper_binary_reconstruction_from_reduction_exact, propext, Quot.sound, Classical.choice, Nat.add, Nat.sub, Nat.mul, Nat.pow, Nat.gcd, Nat.div, Nat.mod, Nat.beq, Nat.ble, Nat.land, Nat.lor, Nat.xor, Nat.shiftLeft, Nat.shiftRight, String.ofList, Char.ofNat, List, eagerReduce] from Formalization.Verification.Comparator.BinaryTwoCoordinateReductionSolution
Running Lean default kernel on solution.
Lean default kernel accepts the solution
Your solution is okay!
